 Network yuxi-know_app-network Creating 
 Network yuxi-know_app-network Created 
 Volume researchcompass_nltk_data Creating 
 Volume researchcompass_nltk_data Created 
 Container minio Creating 
 Container graph Creating 
 Container redis Creating 
 Container postgres Creating 
 Container milvus-etcd-dev Creating 
 Container sandbox-provisioner Creating 
 Container milvus-etcd-dev Created 
 Container minio Created 
 Container milvus Creating 
 Container graph Created 
 Container redis Created 
 Container sandbox-provisioner Created 
 Container postgres Created 
 Container worker-dev Creating 
 Container api-dev Creating 
 Container milvus Created 
 Container api-dev Created 
 Container web-dev Creating 
 Container worker-dev Created 
 Container web-dev Created 
 Container redis Starting 
 Container graph Starting 
 Container sandbox-provisioner Starting 
 Container postgres Starting 
 Container minio Starting 
 Container milvus-etcd-dev Starting 
 Container redis Started 
 Container minio Started 
 Container postgres Started 
 Container milvus-etcd-dev Started 
 Container milvus Starting 
 Container sandbox-provisioner Started 
 Container redis Waiting 
 Container minio Waiting 
 Container sandbox-provisioner Waiting 
 Container postgres Waiting 
 Container redis Waiting 
 Container minio Waiting 
 Container sandbox-provisioner Waiting 
 Container postgres Waiting 
 Container graph Started 
 Container sandbox-provisioner Error dependency sandbox-provisioner failed to start
 Container sandbox-provisioner Error dependency sandbox-provisioner failed to start
 Container milvus Started 
dependency failed to start: container sandbox-provisioner is unhealthy
